[?25l[?2004h┌──────────────────────────────┐[K
│                              │[K
│            Start             │[K
│                              │[K
└──────────────────────────────┘[K[100D