[?25l[?2004h[1;38;2;255;0;0mCustom[0m[0K
 [3;38;2;0;0;255mStyle[0m[0K[100D